Watching for file changes with StatReloader
D:\Brainicon Technology\storefront\backend\storefront\settings.py changed, reloading.
2026-08-06 15:32:11,517 (INFO) - django.utils.autoreload - Watching for file changes with StatReloader
2026-08-06 15:32:17,378 (ERROR) - django.request - Internal Server Error: /playground/hello/
Traceback (most recent call last):
  File "C:\Users\DELL\.virtualenvs\storefront-u4_PwDYI\Lib\site-packages\django_redis\cache.py", line 48, in _decorator
    return method(self, *args, **kwargs)
  File "C:\Users\DELL\.virtualenvs\storefront-u4_PwDYI\Lib\site-packages\django_redis\cache.py", line 124, in _get
    return self.client.get(key, default=default, version=version, client=client)
           ~~~~~~~~~~~~~~~^^^^^^^^^^^^^^^^^^^^^^^^^^^^^^^^^^^^^^^^^^^^^^^^^^^^^^
  File "C:\Users\DELL\.virtualenvs\storefront-u4_PwDYI\Lib\site-packages\django_redis\client\default.py", line 362, in get
    raise ConnectionInterrupted(connection=client) from e
django_redis.exceptions.ConnectionInterrupted: Redis ConnectionError: Error 10061 connecting to 127.0.0.1:6379. No connection could be made because the target machine actively refused it.

During handling of the above exception, another exception occurred:

Traceback (most recent call last):
  File "C:\Users\DELL\.virtualenvs\storefront-u4_PwDYI\Lib\site-packages\django\core\handlers\exception.py", line 55, in inner
    response = get_response(request)
  File "C:\Users\DELL\.virtualenvs\storefront-u4_PwDYI\Lib\site-packages\django\core\handlers\base.py", line 198, in _get_response
    response = wrapped_callback(request, *callback_args, **callback_kwargs)
  File "C:\Users\DELL\.virtualenvs\storefront-u4_PwDYI\Lib\site-packages\django\views\decorators\csrf.py", line 65, in _view_wrapper
    return view_func(request, *args, **kwargs)
  File "C:\Users\DELL\.virtualenvs\storefront-u4_PwDYI\Lib\site-packages\django\views\generic\base.py", line 106, in view
    return self.dispatch(request, *args, **kwargs)
           ~~~~~~~~~~~~~^^^^^^^^^^^^^^^^^^^^^^^^^^
  File "C:\Users\DELL\.virtualenvs\storefront-u4_PwDYI\Lib\site-packages\rest_framework\views.py", line 515, in dispatch
    response = self.handle_exception(exc)
  File "C:\Users\DELL\.virtualenvs\storefront-u4_PwDYI\Lib\site-packages\rest_framework\views.py", line 475, in handle_exception
    self.raise_uncaught_exception(exc)
    ~~~~~~~~~~~~~~~~~~~~~~~~~~~~~^^^^^
  File "C:\Users\DELL\.virtualenvs\storefront-u4_PwDYI\Lib\site-packages\rest_framework\views.py", line 486, in raise_uncaught_exception
    raise exc
  File "C:\Users\DELL\.virtualenvs\storefront-u4_PwDYI\Lib\site-packages\rest_framework\views.py", line 512, in dispatch
    response = handler(request, *args, **kwargs)
  File "C:\Users\DELL\.virtualenvs\storefront-u4_PwDYI\Lib\site-packages\django\utils\decorators.py", line 48, in _wrapper
    return bound_method(*args, **kwargs)
  File "C:\Users\DELL\.virtualenvs\storefront-u4_PwDYI\Lib\site-packages\django\utils\decorators.py", line 185, in _view_wrapper
    result = _pre_process_request(request, *args, **kwargs)
  File "C:\Users\DELL\.virtualenvs\storefront-u4_PwDYI\Lib\site-packages\django\utils\decorators.py", line 131, in _pre_process_request
    result = middleware.process_request(request)
  File "C:\Users\DELL\.virtualenvs\storefront-u4_PwDYI\Lib\site-packages\django\middleware\cache.py", line 179, in process_request
    cache_key = get_cache_key(request, self.key_prefix, "GET", cache=self.cache)
  File "C:\Users\DELL\.virtualenvs\storefront-u4_PwDYI\Lib\site-packages\django\utils\cache.py", line 393, in get_cache_key
    headerlist = cache.get(cache_key)
  File "C:\Users\DELL\.virtualenvs\storefront-u4_PwDYI\Lib\site-packages\debug_toolbar\panels\cache.py", line 42, in wrapper
    return panel._record_call(cache, alias, name, original_method, args, kwargs)
           ~~~~~~~~~~~~~~~~~~^^^^^^^^^^^^^^^^^^^^^^^^^^^^^^^^^^^^^^^^^^^^^^^^^^^
  File "C:\Users\DELL\.virtualenvs\storefront-u4_PwDYI\Lib\site-packages\debug_toolbar\panels\cache.py", line 154, in _record_call
    value = original_method(*args, **kwargs)
  File "C:\Users\DELL\.virtualenvs\storefront-u4_PwDYI\Lib\site-packages\django_redis\cache.py", line 117, in get
    value = self._get(key, default, version, client)
  File "C:\Users\DELL\.virtualenvs\storefront-u4_PwDYI\Lib\site-packages\django_redis\cache.py", line 55, in _decorator
    raise e.__cause__  # type: ignore[misc] # noqa: B904
    ^^^^^^^^^^^^^^^^^
  File "C:\Users\DELL\.virtualenvs\storefront-u4_PwDYI\Lib\site-packages\django_redis\client\default.py", line 360, in get
    value = client.get(key)
  File "C:\Users\DELL\.virtualenvs\storefront-u4_PwDYI\Lib\site-packages\redis\commands\core.py", line 3200, in get
    return self.execute_command("GET", name, keys=[name])
           ~~~~~~~~~~~~~~~~~~~~^^^^^^^^^^^^^^^^^^^^^^^^^^
  File "C:\Users\DELL\.virtualenvs\storefront-u4_PwDYI\Lib\site-packages\redis\client.py", line 867, in execute_command
    return self._execute_command(*args, **options)
           ~~~~~~~~~~~~~~~~~~~~~^^^^^^^^^^^^^^^^^^
  File "C:\Users\DELL\.virtualenvs\storefront-u4_PwDYI\Lib\site-packages\redis\client.py", line 873, in _execute_command
    conn = self.connection or pool.get_connection()
                              ~~~~~~~~~~~~~~~~~~~^^
  File "C:\Users\DELL\.virtualenvs\storefront-u4_PwDYI\Lib\site-packages\redis\utils.py", line 258, in wrapper
    return func(*args, **kwargs)
  File "C:\Users\DELL\.virtualenvs\storefront-u4_PwDYI\Lib\site-packages\redis\connection.py", line 3273, in get_connection
    connection.connect()
    ~~~~~~~~~~~~~~~~~~^^
  File "C:\Users\DELL\.virtualenvs\storefront-u4_PwDYI\Lib\site-packages\redis\connection.py", line 1028, in connect
    self.retry.call_with_retry(
    ~~~~~~~~~~~~~~~~~~~~~~~~~~^
        lambda: self.connect_check_health(
        ^^^^^^^^^^^^^^^^^^^^^^^^^^^^^^^^^^
    ...<2 lines>...
        lambda error: self.disconnect(error),
        ^^^^^^^^^^^^^^^^^^^^^^^^^^^^^^^^^^^^^
    )
    ^
  File "C:\Users\DELL\.virtualenvs\storefront-u4_PwDYI\Lib\site-packages\redis\retry.py", line 132, in call_with_retry
    raise error
  File "C:\Users\DELL\.virtualenvs\storefront-u4_PwDYI\Lib\site-packages\redis\retry.py", line 120, in call_with_retry
    return do()
  File "C:\Users\DELL\.virtualenvs\storefront-u4_PwDYI\Lib\site-packages\redis\connection.py", line 1029, in <lambda>
    lambda: self.connect_check_health(
            ~~~~~~~~~~~~~~~~~~~~~~~~~^
        check_health=True, retry_socket_connect=False
        ^^^^^^^^^^^^^^^^^^^^^^^^^^^^^^^^^^^^^^^^^^^^^
    ),
    ^
  File "C:\Users\DELL\.virtualenvs\storefront-u4_PwDYI\Lib\site-packages\redis\connection.py", line 1077, in connect_check_health
    raise e
redis.exceptions.ConnectionError: Error 10061 connecting to 127.0.0.1:6379. No connection could be made because the target machine actively refused it.
